// Jest Snapshot v1, https://goo.gl/fbAQLP

exports[`Transforms *.ts 1`] = `
"\\"use strict\\";

var Direction = {
  Left: 0,
  Right: 1,
  Down: 2,
  Up: 3
};
;"
`;

exports[`Transforms *.tsx 1`] = `
"\\"use strict\\";

var Direction = {
  Left: 0,
  Right: 1,
  Down: 2,
  Up: 3
};
;"
`;
