// Jest Snapshot v1, https://goo.gl/fbAQLP

exports[`module system test suite commonjs 1`] = `
"\\"use strict\\";

module.exports = 2;"
`;
