// Jest Snapshot v1, https://goo.gl/fbAQLP

exports[`Transforms computed members 1`] = `
"\\"use strict\\";

var MyEnum = {
  A: 1,
  B: 1,
  C: 2,
  D: 2,
  E: 1,
  F: 2,
  G: 1,
  H: 1,
  I: 1048576
};"
`;

exports[`Transforms no initializers 1`] = `
"\\"use strict\\";

var Direction = {
  Left: 0,
  Right: 1,
  Down: 2,
  Up: 3
};
;"
`;

exports[`Transforms string members 1`] = `
"\\"use strict\\";

var Enum = {
  A: 1,
  B: 1,
  C: \\"\\",
  D: \\"\\",
  E: 1,
  F: 2
};"
`;
